// Jest Snapshot v1, https://goo.gl/fbAQLP

exports[`Deployment controller integration tests should return an error if the correct data isn't sent in the request body 1`] = `
Array [
  Object {
    "location": "body",
    "msg": "Invalid Cloud Type",
    "param": "cloudType",
  },
]
`;
